
*** Running vivado
    with args -log TOP_module.vdi -applog -m64 -product Vivado -messageDb vivado.pb -mode batch -source TOP_module.tcl -notrace



****** Vivado v2024.1 (64-bit)
  **** SW Build 5076996 on Wed May 22 18:37:14 MDT 2024
  **** IP Build 5075265 on Wed May 22 21:45:21 MDT 2024
  **** SharedData Build 5076995 on Wed May 22 18:29:18 MDT 2024
  **** Start of session at: Mon Oct 21 20:31:03 2024
    ** Copyright 1986-2022 Xilinx, Inc. All Rights Reserved.
    ** Copyright 2022-2024 Advanced Micro Devices, Inc. All Rights Reserved.

source TOP_module.tcl -notrace
create_project: Time (s): cpu = 00:00:07 ; elapsed = 00:00:08 . Memory (MB): peak = 484.215 ; gain = 200.203
Command: link_design -top TOP_module -part xc7a100tcsg324-1
Design is defaulting to srcset: sources_1
Design is defaulting to constrset: constrs_1
INFO: [Device 21-403] Loading part xc7a100tcsg324-1
INFO: [Device 21-9227] Part: xc7a100tcsg324-1 does not have CEAM library.
INFO: [Project 1-454] Reading design checkpoint 'e:/github/pruebas_ipd432/TAREA_2_UART/TAREA_2_UART.gen/sources_1/ip/clk_wiz_0/clk_wiz_0.dcp' for cell 'clk100MHZ'
INFO: [Project 1-454] Reading design checkpoint 'e:/github/pruebas_ipd432/TAREA_2_UART/TAREA_2_UART.gen/sources_1/ip/blk_mem_gen_ff/blk_mem_gen_ff.dcp' for cell 'memory_unit/BRAMA'
Netlist sorting complete. Time (s): cpu = 00:00:00 ; elapsed = 00:00:00.016 . Memory (MB): peak = 963.051 ; gain = 0.000
INFO: [Netlist 29-17] Analyzing 67 Unisim elements for replacement
INFO: [Netlist 29-28] Unisim Transformation completed in 0 CPU seconds
INFO: [Project 1-479] Netlist was created with Vivado 2024.1
INFO: [Project 1-570] Preparing netlist for logic optimization
CRITICAL WARNING: [Designutils 20-1280] Could not find module 'ila_0'. The XDC file e:/github/pruebas_ipd432/TAREA_2_UART/TAREA_2_UART.gen/sources_1/ip/ila_0/ila_v6_2/constraints/ila_impl.xdc will not be read for any cell of this module.
CRITICAL WARNING: [Designutils 20-1280] Could not find module 'ila_0'. The XDC file e:/github/pruebas_ipd432/TAREA_2_UART/TAREA_2_UART.gen/sources_1/ip/ila_0/ila_v6_2/constraints/ila.xdc will not be read for any cell of this module.
Parsing XDC File [e:/github/pruebas_ipd432/TAREA_2_UART/TAREA_2_UART.gen/sources_1/ip/clk_wiz_0/clk_wiz_0_board.xdc] for cell 'clk100MHZ/inst'
Finished Parsing XDC File [e:/github/pruebas_ipd432/TAREA_2_UART/TAREA_2_UART.gen/sources_1/ip/clk_wiz_0/clk_wiz_0_board.xdc] for cell 'clk100MHZ/inst'
Parsing XDC File [e:/github/pruebas_ipd432/TAREA_2_UART/TAREA_2_UART.gen/sources_1/ip/clk_wiz_0/clk_wiz_0.xdc] for cell 'clk100MHZ/inst'
INFO: [Timing 38-35] Done setting XDC timing constraints. [e:/github/pruebas_ipd432/TAREA_2_UART/TAREA_2_UART.gen/sources_1/ip/clk_wiz_0/clk_wiz_0.xdc:54]
INFO: [Timing 38-2] Deriving generated clocks [e:/github/pruebas_ipd432/TAREA_2_UART/TAREA_2_UART.gen/sources_1/ip/clk_wiz_0/clk_wiz_0.xdc:54]
get_clocks: Time (s): cpu = 00:00:08 ; elapsed = 00:00:08 . Memory (MB): peak = 1592.582 ; gain = 517.453
Finished Parsing XDC File [e:/github/pruebas_ipd432/TAREA_2_UART/TAREA_2_UART.gen/sources_1/ip/clk_wiz_0/clk_wiz_0.xdc] for cell 'clk100MHZ/inst'
Parsing XDC File [E:/github/pruebas_ipd432/TAREA_2_UART/UART_master_const.xdc]
Finished Parsing XDC File [E:/github/pruebas_ipd432/TAREA_2_UART/UART_master_const.xdc]
INFO: [Opt 31-138] Pushed 0 inverter(s) to 0 load pin(s).
Netlist sorting complete. Time (s): cpu = 00:00:00 ; elapsed = 00:00:00 . Memory (MB): peak = 1592.582 ; gain = 0.000
INFO: [Project 1-111] Unisim Transformation Summary:
No Unisim elements were transformed.

12 Infos, 0 Warnings, 2 Critical Warnings and 0 Errors encountered.
link_design completed successfully
link_design: Time (s): cpu = 00:00:14 ; elapsed = 00:00:15 . Memory (MB): peak = 1592.582 ; gain = 1064.328
Command: opt_design
Attempting to get a license for feature 'Implementation' and/or device 'xc7a100t'
INFO: [Common 17-349] Got license for feature 'Implementation' and/or device 'xc7a100t'
Running DRC as a precondition to command opt_design

Starting DRC Task
INFO: [DRC 23-27] Running DRC with 2 threads
INFO: [Project 1-461] DRC finished with 0 Errors
INFO: [Project 1-462] Please refer to the DRC report (report_drc) for more information.

Time (s): cpu = 00:00:02 ; elapsed = 00:00:01 . Memory (MB): peak = 1595.500 ; gain = 2.918

Starting Cache Timing Information Task
INFO: [Timing 38-35] Done setting XDC timing constraints.
INFO: [Timing 38-2] Deriving generated clocks
Ending Cache Timing Information Task | Checksum: 2041eeb26

Time (s): cpu = 00:00:00 ; elapsed = 00:00:00.171 . Memory (MB): peak = 1614.328 ; gain = 18.828

Starting Logic Optimization Task

Phase 1 Initialization

Phase 1.1 Core Generation And Design Setup
Phase 1.1 Core Generation And Design Setup | Checksum: 2041eeb26

Time (s): cpu = 00:00:00 ; elapsed = 00:00:00.043 . Memory (MB): peak = 1980.281 ; gain = 0.000

Phase 1.2 Setup Constraints And Sort Netlist
Phase 1.2 Setup Constraints And Sort Netlist | Checksum: 2041eeb26

Time (s): cpu = 00:00:00 ; elapsed = 00:00:00.045 . Memory (MB): peak = 1980.281 ; gain = 0.000
Phase 1 Initialization | Checksum: 2041eeb26

Time (s): cpu = 00:00:00 ; elapsed = 00:00:00.045 . Memory (MB): peak = 1980.281 ; gain = 0.000

Phase 2 Timer Update And Timing Data Collection

Phase 2.1 Timer Update
Phase 2.1 Timer Update | Checksum: 2041eeb26

Time (s): cpu = 00:00:00 ; elapsed = 00:00:00.106 . Memory (MB): peak = 1980.281 ; gain = 0.000

Phase 2.2 Timing Data Collection
Phase 2.2 Timing Data Collection | Checksum: 2041eeb26

Time (s): cpu = 00:00:00 ; elapsed = 00:00:00.165 . Memory (MB): peak = 1980.281 ; gain = 0.000
Phase 2 Timer Update And Timing Data Collection | Checksum: 2041eeb26

Time (s): cpu = 00:00:00 ; elapsed = 00:00:00.165 . Memory (MB): peak = 1980.281 ; gain = 0.000

Phase 3 Retarget
INFO: [Opt 31-1834] Total Chains To Be Transformed Were: 0 AND Number of Transformed insts Created are: 0
INFO: [Opt 31-138] Pushed 1 inverter(s) to 1 load pin(s).
INFO: [Opt 31-49] Retargeted 0 cell(s).
Phase 3 Retarget | Checksum: 20e774ac1

Time (s): cpu = 00:00:00 ; elapsed = 00:00:00.346 . Memory (MB): peak = 1980.281 ; gain = 0.000
Retarget | Checksum: 20e774ac1
INFO: [Opt 31-389] Phase Retarget created 0 cells and removed 1 cells
INFO: [Opt 31-1021] In phase Retarget, 1 netlist objects are constrained preventing optimization. Please run opt_design with -debug_log to get more detail. 

Phase 4 Constant propagation
INFO: [Opt 31-138] Pushed 0 inverter(s) to 0 load pin(s).
Phase 4 Constant propagation | Checksum: 1e9335817

Time (s): cpu = 00:00:00 ; elapsed = 00:00:00.357 . Memory (MB): peak = 1980.281 ; gain = 0.000
Constant propagation | Checksum: 1e9335817
INFO: [Opt 31-389] Phase Constant propagation created 0 cells and removed 0 cells

Phase 5 Sweep
Phase 5 Sweep | Checksum: 23c1d248c

Time (s): cpu = 00:00:00 ; elapsed = 00:00:00.378 . Memory (MB): peak = 1980.281 ; gain = 0.000
Sweep | Checksum: 23c1d248c
INFO: [Opt 31-389] Phase Sweep created 0 cells and removed 0 cells

Phase 6 BUFG optimization
Phase 6 BUFG optimization | Checksum: 23c1d248c

Time (s): cpu = 00:00:00 ; elapsed = 00:00:00.421 . Memory (MB): peak = 1980.281 ; gain = 0.000
BUFG optimization | Checksum: 23c1d248c
INFO: [Opt 31-662] Phase BUFG optimization created 0 cells of which 0 are BUFGs and removed 0 cells.

Phase 7 Shift Register Optimization
INFO: [Opt 31-1064] SRL Remap converted 0 SRLs to 0 registers and converted 0 registers of register chains to 0 SRLs
Phase 7 Shift Register Optimization | Checksum: 23c1d248c

Time (s): cpu = 00:00:00 ; elapsed = 00:00:00.424 . Memory (MB): peak = 1980.281 ; gain = 0.000
Shift Register Optimization | Checksum: 23c1d248c
INFO: [Opt 31-389] Phase Shift Register Optimization created 0 cells and removed 0 cells

Phase 8 Post Processing Netlist
Phase 8 Post Processing Netlist | Checksum: 23c1d248c

Time (s): cpu = 00:00:00 ; elapsed = 00:00:00.429 . Memory (MB): peak = 1980.281 ; gain = 0.000
Post Processing Netlist | Checksum: 23c1d248c
INFO: [Opt 31-389] Phase Post Processing Netlist created 0 cells and removed 0 cells

Phase 9 Finalization

Phase 9.1 Finalizing Design Cores and Updating Shapes
Phase 9.1 Finalizing Design Cores and Updating Shapes | Checksum: 25fd79854

Time (s): cpu = 00:00:00 ; elapsed = 00:00:00.463 . Memory (MB): peak = 1980.281 ; gain = 0.000

Phase 9.2 Verifying Netlist Connectivity

Starting Connectivity Check Task

Time (s): cpu = 00:00:00 ; elapsed = 00:00:00.002 . Memory (MB): peak = 1980.281 ; gain = 0.000
Phase 9.2 Verifying Netlist Connectivity | Checksum: 25fd79854

Time (s): cpu = 00:00:00 ; elapsed = 00:00:00.465 . Memory (MB): peak = 1980.281 ; gain = 0.000
Phase 9 Finalization | Checksum: 25fd79854

Time (s): cpu = 00:00:00 ; elapsed = 00:00:00.465 . Memory (MB): peak = 1980.281 ; gain = 0.000
Opt_design Change Summary
=========================


-------------------------------------------------------------------------------------------------------------------------
|  Phase                        |  #Cells created  |  #Cells Removed  |  #Constrained objects preventing optimizations  |
-------------------------------------------------------------------------------------------------------------------------
|  Retarget                     |               0  |               1  |                                              1  |
|  Constant propagation         |               0  |               0  |                                              0  |
|  Sweep                        |               0  |               0  |                                              0  |
|  BUFG optimization            |               0  |               0  |                                              0  |
|  Shift Register Optimization  |               0  |               0  |                                              0  |
|  Post Processing Netlist      |               0  |               0  |                                              0  |
-------------------------------------------------------------------------------------------------------------------------


Ending Logic Optimization Task | Checksum: 25fd79854

Time (s): cpu = 00:00:00 ; elapsed = 00:00:00.467 . Memory (MB): peak = 1980.281 ; gain = 0.000

Starting Power Optimization Task
INFO: [Pwropt 34-132] Skipping clock gating for clocks with a period < 2.00 ns.
INFO: [Pwropt 34-9] Applying IDT optimizations ...
INFO: [Pwropt 34-10] Applying ODC optimizations ...
INFO: [Timing 38-35] Done setting XDC timing constraints.
Running Vector-less Activity Propagation...

Finished Running Vector-less Activity Propagation


Starting PowerOpt Patch Enables Task
INFO: [Pwropt 34-162] WRITE_MODE attribute of 0 BRAM(s) out of a total of 2 has been updated to save power. Run report_power_opt to get a complete listing of the BRAMs updated.
INFO: [Pwropt 34-201] Structural ODC has moved 0 WE to EN ports
Number of BRAM Ports augmented: 0 newly gated: 0 Total Ports: 4
Ending PowerOpt Patch Enables Task | Checksum: 25fd79854

Time (s): cpu = 00:00:00 ; elapsed = 00:00:00.011 . Memory (MB): peak = 2074.559 ; gain = 0.000
Ending Power Optimization Task | Checksum: 25fd79854

Time (s): cpu = 00:00:01 ; elapsed = 00:00:01 . Memory (MB): peak = 2074.559 ; gain = 94.277

Starting Final Cleanup Task
Ending Final Cleanup Task | Checksum: 25fd79854

Time (s): cpu = 00:00:00 ; elapsed = 00:00:00 . Memory (MB): peak = 2074.559 ; gain = 0.000

Starting Netlist Obfuscation Task
Netlist sorting complete. Time (s): cpu = 00:00:00 ; elapsed = 00:00:00.001 . Memory (MB): peak = 2074.559 ; gain = 0.000
Ending Netlist Obfuscation Task | Checksum: 25fd79854

Time (s): cpu = 00:00:00 ; elapsed = 00:00:00.001 . Memory (MB): peak = 2074.559 ; gain = 0.000
INFO: [Common 17-83] Releasing license: Implementation
37 Infos, 0 Warnings, 2 Critical Warnings and 0 Errors encountered.
opt_design completed successfully
opt_design: Time (s): cpu = 00:00:07 ; elapsed = 00:00:07 . Memory (MB): peak = 2074.559 ; gain = 481.977
INFO: [Vivado 12-24828] Executing command : report_drc -file TOP_module_drc_opted.rpt -pb TOP_module_drc_opted.pb -rpx TOP_module_drc_opted.rpx
Command: report_drc -file TOP_module_drc_opted.rpt -pb TOP_module_drc_opted.pb -rpx TOP_module_drc_opted.rpx
INFO: [IP_Flow 19-1839] IP Catalog is up to date.
INFO: [DRC 23-27] Running DRC with 2 threads
INFO: [Vivado_Tcl 2-168] The results of DRC are in file E:/github/pruebas_ipd432/TAREA_2_UART/TAREA_2_UART.runs/impl_1/TOP_module_drc_opted.rpt.
report_drc completed successfully
INFO: [Timing 38-480] Writing timing data to binary archive.
Write ShapeDB Complete: Time (s): cpu = 00:00:00 ; elapsed = 00:00:00.003 . Memory (MB): peak = 2074.559 ; gain = 0.000
Wrote PlaceDB: Time (s): cpu = 00:00:00 ; elapsed = 00:00:00.002 . Memory (MB): peak = 2074.559 ; gain = 0.000
Wrote PulsedLatchDB: Time (s): cpu = 00:00:00 ; elapsed = 00:00:00.001 . Memory (MB): peak = 2074.559 ; gain = 0.000
Writing XDEF routing.
Writing XDEF routing logical nets.
Writing XDEF routing special nets.
Wrote RouteStorage: Time (s): cpu = 00:00:00 ; elapsed = 00:00:00.072 . Memory (MB): peak = 2074.559 ; gain = 0.000
Wrote Netlist Cache: Time (s): cpu = 00:00:00 ; elapsed = 00:00:00.001 . Memory (MB): peak = 2074.559 ; gain = 0.000
Wrote Device Cache: Time (s): cpu = 00:00:00 ; elapsed = 00:00:00.009 . Memory (MB): peak = 2074.559 ; gain = 0.000
Write Physdb Complete: Time (s): cpu = 00:00:00 ; elapsed = 00:00:00.108 . Memory (MB): peak = 2074.559 ; gain = 0.000
INFO: [Common 17-1381] The checkpoint 'E:/github/pruebas_ipd432/TAREA_2_UART/TAREA_2_UART.runs/impl_1/TOP_module_opt.dcp' has been generated.
Command: place_design
Attempting to get a license for feature 'Implementation' and/or device 'xc7a100t'
INFO: [Common 17-349] Got license for feature 'Implementation' and/or device 'xc7a100t'
INFO: [Common 17-83] Releasing license: Implementation
INFO: [DRC 23-27] Running DRC with 2 threads
INFO: [Vivado_Tcl 4-198] DRC finished with 0 Errors
INFO: [Vivado_Tcl 4-199] Please refer to the DRC report (report_drc) for more information.
Running DRC as a precondition to command place_design
INFO: [DRC 23-27] Running DRC with 2 threads
INFO: [Vivado_Tcl 4-198] DRC finished with 0 Errors, 21 Warnings
INFO: [Vivado_Tcl 4-199] Please refer to the DRC report (report_drc) for more information.
INFO: [Place 30-611] Multithreading enabled for place_design using a maximum of 2 CPUs

Starting Placer Task

Phase 1 Placer Initialization

Phase 1.1 Placer Initialization Netlist Sorting
Netlist sorting complete. Time (s): cpu = 00:00:00 ; elapsed = 00:00:00.001 . Memory (MB): peak = 2074.559 ; gain = 0.000
Phase 1.1 Placer Initialization Netlist Sorting | Checksum: 1a3daa60b

Time (s): cpu = 00:00:00 ; elapsed = 00:00:00.136 . Memory (MB): peak = 2074.559 ; gain = 0.000
Netlist sorting complete. Time (s): cpu = 00:00:00 ; elapsed = 00:00:00.001 . Memory (MB): peak = 2074.559 ; gain = 0.000

Phase 1.2 IO Placement/ Clock Placement/ Build Placer Device
INFO: [Timing 38-35] Done setting XDC timing constraints.
Phase 1.2 IO Placement/ Clock Placement/ Build Placer Device | Checksum: 16aa9e99f

Time (s): cpu = 00:00:01 ; elapsed = 00:00:00.681 . Memory (MB): peak = 2074.559 ; gain = 0.000

Phase 1.3 Build Placer Netlist Model
Phase 1.3 Build Placer Netlist Model | Checksum: 2089ac4f4

Time (s): cpu = 00:00:01 ; elapsed = 00:00:01 . Memory (MB): peak = 2074.559 ; gain = 0.000

Phase 1.4 Constrain Clocks/Macros
Phase 1.4 Constrain Clocks/Macros | Checksum: 2089ac4f4

Time (s): cpu = 00:00:01 ; elapsed = 00:00:01 . Memory (MB): peak = 2074.559 ; gain = 0.000
Phase 1 Placer Initialization | Checksum: 2089ac4f4

Time (s): cpu = 00:00:01 ; elapsed = 00:00:01 . Memory (MB): peak = 2074.559 ; gain = 0.000

Phase 2 Global Placement

Phase 2.1 Floorplanning
Phase 2.1 Floorplanning | Checksum: 1c6abcc31

Time (s): cpu = 00:00:02 ; elapsed = 00:00:02 . Memory (MB): peak = 2074.559 ; gain = 0.000

Phase 2.2 Update Timing before SLR Path Opt
Phase 2.2 Update Timing before SLR Path Opt | Checksum: 1e8f49bd6

Time (s): cpu = 00:00:02 ; elapsed = 00:00:02 . Memory (MB): peak = 2074.559 ; gain = 0.000

Phase 2.3 Post-Processing in Floorplanning
Phase 2.3 Post-Processing in Floorplanning | Checksum: 1e8f49bd6

Time (s): cpu = 00:00:02 ; elapsed = 00:00:02 . Memory (MB): peak = 2074.559 ; gain = 0.000

Phase 2.4 Global Placement Core

Phase 2.4.1 UpdateTiming Before Physical Synthesis
Phase 2.4.1 UpdateTiming Before Physical Synthesis | Checksum: 22205b19c

Time (s): cpu = 00:00:08 ; elapsed = 00:00:05 . Memory (MB): peak = 2074.559 ; gain = 0.000

Phase 2.4.2 Physical Synthesis In Placer
INFO: [Physopt 32-1035] Found 6 LUTNM shape to break, 44 LUT instances to create LUTNM shape
INFO: [Physopt 32-1044] Break lutnm for timing: one critical 2, two critical 4, total 6, new lutff created 0
INFO: [Physopt 32-1138] End 1 Pass. Optimized 24 nets or LUTs. Breaked 6 LUTs, combined 18 existing LUTs and moved 0 existing LUT
INFO: [Physopt 32-65] No nets found for high-fanout optimization.
INFO: [Physopt 32-232] Optimized 0 net. Created 0 new instance.
INFO: [Physopt 32-775] End 1 Pass. Optimized 0 net or cell. Created 0 new cell, deleted 0 existing cell and moved 0 existing cell
INFO: [Physopt 32-456] No candidate cells for DSP register optimization found in the design.
INFO: [Physopt 32-775] End 2 Pass. Optimized 0 net or cell. Created 0 new cell, deleted 0 existing cell and moved 0 existing cell
INFO: [Physopt 32-1123] No candidate cells found for Shift Register to Pipeline optimization
INFO: [Physopt 32-775] End 2 Pass. Optimized 0 net or cell. Created 0 new cell, deleted 0 existing cell and moved 0 existing cell
INFO: [Physopt 32-1401] No candidate cells found for Shift Register optimization.
INFO: [Physopt 32-677] No candidate cells for Shift Register optimization found in the design
INFO: [Physopt 32-775] End 1 Pass. Optimized 0 net or cell. Created 0 new cell, deleted 0 existing cell and moved 0 existing cell
INFO: [Physopt 32-527] Pass 1: Identified 2 candidate cells for BRAM register optimization
INFO: [Physopt 32-665] Processed cell memory_unit/BRAMB/U0/inst_blk_mem_gen/gnbram.gnativebmg.native_blk_mem_gen/valid.cstr/ramloop[0].ram.r/prim_init.ram/DEVICE_7SERIES.NO_BMM_INFO.SP.SIMPLE_PRIM18.ram. 8 registers were pushed out.
INFO: [Physopt 32-665] Processed cell memory_unit/BRAMA/U0/inst_blk_mem_gen/gnbram.gnativebmg.native_blk_mem_gen/valid.cstr/ramloop[0].ram.r/prim_init.ram/DEVICE_7SERIES.NO_BMM_INFO.SP.SIMPLE_PRIM18.ram. 8 registers were pushed out.
INFO: [Physopt 32-775] End 1 Pass. Optimized 2 nets or cells. Created 16 new cells, deleted 0 existing cell and moved 0 existing cell
Netlist sorting complete. Time (s): cpu = 00:00:00 ; elapsed = 00:00:00.010 . Memory (MB): peak = 2074.559 ; gain = 0.000
INFO: [Physopt 32-846] No candidate cells for URAM register optimization found in the design
INFO: [Physopt 32-775] End 1 Pass. Optimized 0 net or cell. Created 0 new cell, deleted 0 existing cell and moved 0 existing cell
INFO: [Physopt 32-846] No candidate cells for URAM register optimization found in the design
INFO: [Physopt 32-775] End 1 Pass. Optimized 0 net or cell. Created 0 new cell, deleted 0 existing cell and moved 0 existing cell
INFO: [Physopt 32-949] No candidate nets found for dynamic/static region interface net replication
INFO: [Physopt 32-775] End 1 Pass. Optimized 0 net or cell. Created 0 new cell, deleted 0 existing cell and moved 0 existing cell
Netlist sorting complete. Time (s): cpu = 00:00:00 ; elapsed = 00:00:00.001 . Memory (MB): peak = 2074.559 ; gain = 0.000

Summary of Physical Synthesis Optimizations
============================================


-----------------------------------------------------------------------------------------------------------------------------------------------------------
|  Optimization                                     |  Added Cells  |  Removed Cells  |  Optimized Cells/Nets  |  Dont Touch  |  Iterations  |  Elapsed   |
-----------------------------------------------------------------------------------------------------------------------------------------------------------
|  LUT Combining                                    |            6  |             18  |                    24  |           0  |           1  |  00:00:00  |
|  Retime                                           |            0  |              0  |                     0  |           0  |           1  |  00:00:00  |
|  Very High Fanout                                 |            0  |              0  |                     0  |           0  |           1  |  00:00:00  |
|  DSP Register                                     |            0  |              0  |                     0  |           0  |           1  |  00:00:00  |
|  Shift Register to Pipeline                       |            0  |              0  |                     0  |           0  |           1  |  00:00:00  |
|  Shift Register                                   |            0  |              0  |                     0  |           0  |           1  |  00:00:00  |
|  BRAM Register                                    |           16  |              0  |                     2  |           0  |           1  |  00:00:00  |
|  URAM Register                                    |            0  |              0  |                     0  |           0  |           1  |  00:00:00  |
|  Dynamic/Static Region Interface Net Replication  |            0  |              0  |                     0  |           0  |           1  |  00:00:00  |
|  Total                                            |           22  |             18  |                    26  |           0  |           9  |  00:00:00  |
-----------------------------------------------------------------------------------------------------------------------------------------------------------


Phase 2.4.2 Physical Synthesis In Placer | Checksum: 3141f2290

Time (s): cpu = 00:00:08 ; elapsed = 00:00:05 . Memory (MB): peak = 2074.559 ; gain = 0.000
Phase 2.4 Global Placement Core | Checksum: 322489350

Time (s): cpu = 00:00:09 ; elapsed = 00:00:06 . Memory (MB): peak = 2074.559 ; gain = 0.000
Phase 2 Global Placement | Checksum: 322489350

Time (s): cpu = 00:00:09 ; elapsed = 00:00:06 . Memory (MB): peak = 2074.559 ; gain = 0.000

Phase 3 Detail Placement

Phase 3.1 Commit Multi Column Macros
Phase 3.1 Commit Multi Column Macros | Checksum: 271f5b746

Time (s): cpu = 00:00:09 ; elapsed = 00:00:06 . Memory (MB): peak = 2074.559 ; gain = 0.000

Phase 3.2 Commit Most Macros & LUTRAMs
Phase 3.2 Commit Most Macros & LUTRAMs | Checksum: 2f88aaea3

Time (s): cpu = 00:00:09 ; elapsed = 00:00:06 . Memory (MB): peak = 2074.559 ; gain = 0.000

Phase 3.3 Area Swap Optimization
Phase 3.3 Area Swap Optimization | Checksum: 20f2ac430

Time (s): cpu = 00:00:09 ; elapsed = 00:00:06 . Memory (MB): peak = 2074.559 ; gain = 0.000

Phase 3.4 Pipeline Register Optimization
Phase 3.4 Pipeline Register Optimization | Checksum: 21d6b4334

Time (s): cpu = 00:00:09 ; elapsed = 00:00:06 . Memory (MB): peak = 2074.559 ; gain = 0.000

Phase 3.5 Fast Optimization
Phase 3.5 Fast Optimization | Checksum: 2103a9937

Time (s): cpu = 00:00:11 ; elapsed = 00:00:07 . Memory (MB): peak = 2074.559 ; gain = 0.000

Phase 3.6 Small Shape Detail Placement
Phase 3.6 Small Shape Detail Placement | Checksum: 1cee07926

Time (s): cpu = 00:00:11 ; elapsed = 00:00:08 . Memory (MB): peak = 2074.559 ; gain = 0.000

Phase 3.7 Re-assign LUT pins
Phase 3.7 Re-assign LUT pins | Checksum: 1a3c33137

Time (s): cpu = 00:00:11 ; elapsed = 00:00:08 . Memory (MB): peak = 2074.559 ; gain = 0.000

Phase 3.8 Pipeline Register Optimization
Phase 3.8 Pipeline Register Optimization | Checksum: 18d7db06b

Time (s): cpu = 00:00:11 ; elapsed = 00:00:08 . Memory (MB): peak = 2074.559 ; gain = 0.000

Phase 3.9 Fast Optimization
Phase 3.9 Fast Optimization | Checksum: 2dadd1de1

Time (s): cpu = 00:00:13 ; elapsed = 00:00:09 . Memory (MB): peak = 2074.559 ; gain = 0.000
Phase 3 Detail Placement | Checksum: 2dadd1de1

Time (s): cpu = 00:00:13 ; elapsed = 00:00:09 . Memory (MB): peak = 2074.559 ; gain = 0.000

Phase 4 Post Placement Optimization and Clean-Up

Phase 4.1 Post Commit Optimization
INFO: [Timing 38-35] Done setting XDC timing constraints.

Phase 4.1.1 Post Placement Optimization
Post Placement Optimization Initialization | Checksum: 220236e37

Phase 4.1.1.1 BUFG Insertion

Starting Physical Synthesis Task

Phase 1 Physical Synthesis Initialization
INFO: [Physopt 32-721] Multithreading enabled for phys_opt_design using a maximum of 2 CPUs
INFO: [Physopt 32-619] Estimated Timing Summary | WNS=-0.508 | TNS=-3.309 |
Phase 1 Physical Synthesis Initialization | Checksum: e72031e0

Time (s): cpu = 00:00:00 ; elapsed = 00:00:00.071 . Memory (MB): peak = 2074.559 ; gain = 0.000
INFO: [Place 46-56] BUFG insertion identified 0 candidate nets. Inserted BUFG: 0, Replicated BUFG Driver: 0, Skipped due to Placement/Routing Conflicts: 0, Skipped due to Timing Degradation: 0, Skipped due to netlist editing failed: 0.
Ending Physical Synthesis Task | Checksum: 252315e30

Time (s): cpu = 00:00:00 ; elapsed = 00:00:00.090 . Memory (MB): peak = 2074.559 ; gain = 0.000
Phase 4.1.1.1 BUFG Insertion | Checksum: 220236e37

Time (s): cpu = 00:00:13 ; elapsed = 00:00:10 . Memory (MB): peak = 2074.559 ; gain = 0.000

Phase 4.1.1.2 Post Placement Timing Optimization
INFO: [Place 30-746] Post Placement Timing Summary WNS=-0.272. For the most accurate timing information please run report_timing.
Phase 4.1.1.2 Post Placement Timing Optimization | Checksum: 2316b1f6a

Time (s): cpu = 00:00:19 ; elapsed = 00:00:16 . Memory (MB): peak = 2074.559 ; gain = 0.000

Time (s): cpu = 00:00:19 ; elapsed = 00:00:16 . Memory (MB): peak = 2074.559 ; gain = 0.000
Phase 4.1 Post Commit Optimization | Checksum: 2316b1f6a

Time (s): cpu = 00:00:19 ; elapsed = 00:00:16 . Memory (MB): peak = 2074.559 ; gain = 0.000

Phase 4.2 Post Placement Cleanup
Phase 4.2 Post Placement Cleanup | Checksum: 2316b1f6a

Time (s): cpu = 00:00:19 ; elapsed = 00:00:16 . Memory (MB): peak = 2074.559 ; gain = 0.000

Phase 4.3 Placer Reporting

Phase 4.3.1 Print Estimated Congestion
INFO: [Place 30-612] Post-Placement Estimated Congestion 
 ____________________________________________________
|           | Global Congestion | Short Congestion  |
| Direction | Region Size       | Region Size       |
|___________|___________________|___________________|
|      North|                1x1|                1x1|
|___________|___________________|___________________|
|      South|                1x1|                1x1|
|___________|___________________|___________________|
|       East|                1x1|                1x1|
|___________|___________________|___________________|
|       West|                1x1|                1x1|
|___________|___________________|___________________|

Phase 4.3.1 Print Estimated Congestion | Checksum: 2316b1f6a

Time (s): cpu = 00:00:19 ; elapsed = 00:00:16 . Memory (MB): peak = 2074.559 ; gain = 0.000
Phase 4.3 Placer Reporting | Checksum: 2316b1f6a

Time (s): cpu = 00:00:19 ; elapsed = 00:00:16 . Memory (MB): peak = 2074.559 ; gain = 0.000

Phase 4.4 Final Placement Cleanup
Netlist sorting complete. Time (s): cpu = 00:00:00 ; elapsed = 00:00:00 . Memory (MB): peak = 2074.559 ; gain = 0.000

Time (s): cpu = 00:00:19 ; elapsed = 00:00:16 . Memory (MB): peak = 2074.559 ; gain = 0.000
Phase 4 Post Placement Optimization and Clean-Up | Checksum: 257958a0b

Time (s): cpu = 00:00:19 ; elapsed = 00:00:16 . Memory (MB): peak = 2074.559 ; gain = 0.000
Ending Placer Task | Checksum: 1c4ee9d8a

Time (s): cpu = 00:00:19 ; elapsed = 00:00:16 . Memory (MB): peak = 2074.559 ; gain = 0.000
82 Infos, 0 Warnings, 2 Critical Warnings and 0 Errors encountered.
place_design completed successfully
place_design: Time (s): cpu = 00:00:22 ; elapsed = 00:00:18 . Memory (MB): peak = 2074.559 ; gain = 0.000
INFO: [Vivado 12-24838] Running report commands "report_control_sets, report_io, report_utilization" in parallel.
Running report generation with 2 threads.
INFO: [Vivado 12-24828] Executing command : report_utilization -file TOP_module_utilization_placed.rpt -pb TOP_module_utilization_placed.pb
INFO: [Vivado 12-24828] Executing command : report_io -file TOP_module_io_placed.rpt
report_io: Time (s): cpu = 00:00:00 ; elapsed = 00:00:00.057 . Memory (MB): peak = 2074.559 ; gain = 0.000
INFO: [Vivado 12-24828] Executing command : report_control_sets -verbose -file TOP_module_control_sets_placed.rpt
report_control_sets: Time (s): cpu = 00:00:00 ; elapsed = 00:00:00.003 . Memory (MB): peak = 2074.559 ; gain = 0.000
INFO: [Timing 38-480] Writing timing data to binary archive.
Write ShapeDB Complete: Time (s): cpu = 00:00:00 ; elapsed = 00:00:00.006 . Memory (MB): peak = 2074.559 ; gain = 0.000
Wrote PlaceDB: Time (s): cpu = 00:00:01 ; elapsed = 00:00:00.102 . Memory (MB): peak = 2074.559 ; gain = 0.000
Wrote PulsedLatchDB: Time (s): cpu = 00:00:00 ; elapsed = 00:00:00 . Memory (MB): peak = 2074.559 ; gain = 0.000
Writing XDEF routing.
Writing XDEF routing logical nets.
Writing XDEF routing special nets.
Wrote RouteStorage: Time (s): cpu = 00:00:00 ; elapsed = 00:00:00.033 . Memory (MB): peak = 2074.559 ; gain = 0.000
Wrote Netlist Cache: Time (s): cpu = 00:00:00 ; elapsed = 00:00:00.002 . Memory (MB): peak = 2074.559 ; gain = 0.000
Wrote Device Cache: Time (s): cpu = 00:00:00 ; elapsed = 00:00:00.007 . Memory (MB): peak = 2074.559 ; gain = 0.000
Write Physdb Complete: Time (s): cpu = 00:00:01 ; elapsed = 00:00:00.152 . Memory (MB): peak = 2074.559 ; gain = 0.000
INFO: [Common 17-1381] The checkpoint 'E:/github/pruebas_ipd432/TAREA_2_UART/TAREA_2_UART.runs/impl_1/TOP_module_placed.dcp' has been generated.
Command: phys_opt_design
Attempting to get a license for feature 'Implementation' and/or device 'xc7a100t'
INFO: [Common 17-349] Got license for feature 'Implementation' and/or device 'xc7a100t'

Starting Initial Update Timing Task

Time (s): cpu = 00:00:00 ; elapsed = 00:00:00.194 . Memory (MB): peak = 2074.559 ; gain = 0.000
INFO: [Vivado_Tcl 4-1435] PhysOpt_Tcl_Interface Runtime Before Starting Physical Synthesis Task | CPU: 0.00s |  WALL: 0.21s
Netlist sorting complete. Time (s): cpu = 00:00:00 ; elapsed = 00:00:00 . Memory (MB): peak = 2074.559 ; gain = 0.000

Starting Physical Synthesis Task

Phase 1 Physical Synthesis Initialization
INFO: [Physopt 32-721] Multithreading enabled for phys_opt_design using a maximum of 2 CPUs
INFO: [Physopt 32-619] Estimated Timing Summary | WNS=-0.272 | TNS=-0.921 |
Phase 1 Physical Synthesis Initialization | Checksum: e32d536d

Time (s): cpu = 00:00:01 ; elapsed = 00:00:00.238 . Memory (MB): peak = 2074.559 ; gain = 0.000
INFO: [Physopt 32-619] Estimated Timing Summary | WNS=-0.272 | TNS=-0.921 |

Phase 2 DSP Register Optimization
INFO: [Physopt 32-456] No candidate cells for DSP register optimization found in the design.
INFO: [Physopt 32-775] End 2 Pass. Optimized 0 net or cell. Created 0 new cell, deleted 0 existing cell and moved 0 existing cell
Phase 2 DSP Register Optimization | Checksum: e32d536d

Time (s): cpu = 00:00:01 ; elapsed = 00:00:00.280 . Memory (MB): peak = 2074.559 ; gain = 0.000

Phase 3 Critical Path Optimization
INFO: [Physopt 32-619] Estimated Timing Summary | WNS=-0.272 | TNS=-0.921 |
INFO: [Physopt 32-702] Processed net memory_unit/vector_calc/euc_reg[25]. Optimizations did not improve timing on the net.
INFO: [Physopt 32-702] Processed net clk100MHZ/inst/clk_out1_clk_wiz_0. Optimizations did not improve timing on the net.
INFO: [Physopt 32-702] Processed net memory_unit/vector_calc/euc_reg[20]_i_1_n_0. Optimizations did not improve timing on the net.
INFO: [Physopt 32-702] Processed net memory_unit/vector_calc/euc_reg[16]_i_1_n_0. Optimizations did not improve timing on the net.
INFO: [Physopt 32-702] Processed net memory_unit/vector_calc/euc_reg[12]_i_1_n_0. Optimizations did not improve timing on the net.
INFO: [Physopt 32-702] Processed net memory_unit/vector_calc/euc[12]_i_4_n_0. Optimizations did not improve timing on the net.
INFO: [Physopt 32-702] Processed net memory_unit/vector_calc/euc1[13]. Optimizations did not improve timing on the net.
INFO: [Physopt 32-702] Processed net memory_unit/vector_calc/euc1__58_carry__0_n_0. Optimizations did not improve timing on the net.
INFO: [Physopt 32-702] Processed net memory_unit/vector_calc/euc1__58_carry__0_i_5_n_0. Optimizations did not improve timing on the net.
INFO: [Physopt 32-663] Processed net memory_unit/vector_calc/euc1__58_carry__0_i_12_n_0.  Re-placed instance memory_unit/vector_calc/euc1__58_carry__0_i_12
INFO: [Physopt 32-735] Processed net memory_unit/vector_calc/euc1__58_carry__0_i_12_n_0. Optimization improves timing on the net.
INFO: [Physopt 32-619] Estimated Timing Summary | WNS=-0.263 | TNS=-0.849 |
INFO: [Physopt 32-702] Processed net memory_unit/vector_calc/euc1__58_carry__0_i_2_n_0. Optimizations did not improve timing on the net.
INFO: [Physopt 32-710] Processed net memory_unit/vector_calc/euc1__58_carry__0_i_2_n_0. Critical path length was reduced through logic transformation on cell memory_unit/vector_calc/euc1__58_carry__0_i_2_comp.
INFO: [Physopt 32-735] Processed net memory_unit/vector_calc/euc1__58_carry__0_i_11_n_0. Optimization improves timing on the net.
INFO: [Physopt 32-619] Estimated Timing Summary | WNS=-0.248 | TNS=-0.729 |
INFO: [Physopt 32-710] Processed net memory_unit/vector_calc/euc1__58_carry__0_i_5_n_0. Critical path length was reduced through logic transformation on cell memory_unit/vector_calc/euc1__58_carry__0_i_5_comp.
INFO: [Physopt 32-735] Processed net memory_unit/vector_calc/euc1__58_carry__0_i_12_n_0. Optimization improves timing on the net.
INFO: [Physopt 32-619] Estimated Timing Summary | WNS=-0.234 | TNS=-0.630 |
INFO: [Physopt 32-710] Processed net memory_unit/vector_calc/euc1__58_carry__0_i_5_n_0. Critical path length was reduced through logic transformation on cell memory_unit/vector_calc/euc1__58_carry__0_i_5_comp_1.
INFO: [Physopt 32-735] Processed net memory_unit/vector_calc/euc1__58_carry__0_i_1_n_0. Optimization improves timing on the net.
INFO: [Physopt 32-619] Estimated Timing Summary | WNS=-0.234 | TNS=-0.630 |
INFO: [Physopt 32-702] Processed net memory_unit/vector_calc/euc1__58_carry__0_i_3_n_0. Optimizations did not improve timing on the net.
INFO: [Physopt 32-710] Processed net memory_unit/vector_calc/euc1__58_carry__0_i_3_n_0. Critical path length was reduced through logic transformation on cell memory_unit/vector_calc/euc1__58_carry__0_i_3_comp.
INFO: [Physopt 32-735] Processed net memory_unit/vector_calc/euc1__58_carry__0_i_11_n_0. Optimization improves timing on the net.
INFO: [Physopt 32-619] Estimated Timing Summary | WNS=-0.194 | TNS=-0.426 |
INFO: [Physopt 32-702] Processed net memory_unit/vector_calc/euc[12]_i_2_n_0. Optimizations did not improve timing on the net.
INFO: [Physopt 32-702] Processed net memory_unit/vector_calc/euc1[15]. Optimizations did not improve timing on the net.
INFO: [Physopt 32-702] Processed net memory_unit/vector_calc/euc1__58_carry__1_n_0. Optimizations did not improve timing on the net.
INFO: [Physopt 32-702] Processed net memory_unit/vector_calc/euc1__58_carry__1_i_7_n_0. Optimizations did not improve timing on the net.
INFO: [Physopt 32-710] Processed net memory_unit/vector_calc/euc1__58_carry__1_i_7_n_0. Critical path length was reduced through logic transformation on cell memory_unit/vector_calc/euc1__58_carry__1_i_7_comp.
INFO: [Physopt 32-735] Processed net memory_unit/vector_calc/euc1__58_carry__1_i_3_n_0. Optimization improves timing on the net.
INFO: [Physopt 32-619] Estimated Timing Summary | WNS=-0.190 | TNS=-0.410 |
INFO: [Physopt 32-608] Optimized 1 net.  Swapped 24 pins.
INFO: [Physopt 32-735] Processed net memory_unit/vector_calc/euc1__58_carry__0_i_7_n_0. Optimization improves timing on the net.
INFO: [Physopt 32-619] Estimated Timing Summary | WNS=-0.174 | TNS=-0.346 |
INFO: [Physopt 32-702] Processed net memory_unit/vector_calc/euc1__58_carry__1_i_4_n_0. Optimizations did not improve timing on the net.
INFO: [Physopt 32-663] Processed net memory_unit/vector_calc/euc1__58_carry__0_i_13_n_0.  Re-placed instance memory_unit/vector_calc/euc1__58_carry__0_i_13
INFO: [Physopt 32-735] Processed net memory_unit/vector_calc/euc1__58_carry__0_i_13_n_0. Optimization improves timing on the net.
INFO: [Physopt 32-619] Estimated Timing Summary | WNS=-0.142 | TNS=-0.218 |
INFO: [Physopt 32-702] Processed net memory_unit/vector_calc/euc1__58_carry__0_i_1_n_0. Optimizations did not improve timing on the net.
INFO: [Physopt 32-663] Processed net memory_unit/vector_calc/euc1__58_carry__0_i_10_n_0.  Re-placed instance memory_unit/vector_calc/euc1__58_carry__0_i_10
INFO: [Physopt 32-735] Processed net memory_unit/vector_calc/euc1__58_carry__0_i_10_n_0. Optimization improves timing on the net.
INFO: [Physopt 32-619] Estimated Timing Summary | WNS=-0.138 | TNS=-0.202 |
INFO: [Physopt 32-710] Processed net memory_unit/vector_calc/euc1__58_carry__0_i_1_n_0. Critical path length was reduced through logic transformation on cell memory_unit/vector_calc/euc1__58_carry__0_i_1_comp_2.
INFO: [Physopt 32-735] Processed net memory_unit/vector_calc/euc1__58_carry__0_i_10_n_0. Optimization improves timing on the net.
INFO: [Physopt 32-619] Estimated Timing Summary | WNS=-0.074 | TNS=-0.074 |
INFO: [Physopt 32-710] Processed net memory_unit/vector_calc/euc1__58_carry__1_i_7_n_0. Critical path length was reduced through logic transformation on cell memory_unit/vector_calc/euc1__58_carry__1_i_7_comp_1.
INFO: [Physopt 32-735] Processed net memory_unit/vector_calc/euc1__58_carry__1_i_9_n_0. Optimization improves timing on the net.
INFO: [Physopt 32-619] Estimated Timing Summary | WNS=-0.061 | TNS=-0.061 |
INFO: [Physopt 32-702] Processed net memory_unit/vector_calc/euc1__58_carry__1_i_3_n_0. Optimizations did not improve timing on the net.
INFO: [Physopt 32-710] Processed net memory_unit/vector_calc/euc1__58_carry__1_i_3_n_0. Critical path length was reduced through logic transformation on cell memory_unit/vector_calc/euc1__58_carry__1_i_3_comp_2.
INFO: [Physopt 32-735] Processed net memory_unit/vector_calc/euc1__58_carry__1_i_9_n_0. Optimization improves timing on the net.
INFO: [Physopt 32-619] Estimated Timing Summary | WNS=-0.044 | TNS=-0.044 |
INFO: [Physopt 32-710] Processed net memory_unit/vector_calc/euc1__58_carry__0_i_5_n_0. Critical path length was reduced through logic transformation on cell memory_unit/vector_calc/euc1__58_carry__0_i_5_comp.
INFO: [Physopt 32-735] Processed net memory_unit/vector_calc/euc1__58_carry__0_i_13_n_0. Optimization improves timing on the net.
INFO: [Physopt 32-619] Estimated Timing Summary | WNS=-0.040 | TNS=-0.040 |
INFO: [Physopt 32-702] Processed net memory_unit/vector_calc/euc1__0_carry__0_n_6. Optimizations did not improve timing on the net.
INFO: [Physopt 32-608] Optimized 1 net.  Swapped 26 pins.
INFO: [Physopt 32-735] Processed net memory_unit/vector_calc/euc1__0_carry__0_i_8_n_0. Optimization improves timing on the net.
INFO: [Physopt 32-619] Estimated Timing Summary | WNS=0.279 | TNS=0.000 |
INFO: [Physopt 32-619] Estimated Timing Summary | WNS=0.279 | TNS=0.000 |
Netlist sorting complete. Time (s): cpu = 00:00:00 ; elapsed = 00:00:00.004 . Memory (MB): peak = 2074.559 ; gain = 0.000
Phase 3 Critical Path Optimization | Checksum: e32d536d

Time (s): cpu = 00:00:02 ; elapsed = 00:00:02 . Memory (MB): peak = 2074.559 ; gain = 0.000

Phase 4 Critical Path Optimization
INFO: [Physopt 32-619] Estimated Timing Summary | WNS=0.279 | TNS=0.000 |
INFO: [Physopt 32-619] Estimated Timing Summary | WNS=0.279 | TNS=0.000 |
Netlist sorting complete. Time (s): cpu = 00:00:00 ; elapsed = 00:00:00.001 . Memory (MB): peak = 2074.559 ; gain = 0.000
Phase 4 Critical Path Optimization | Checksum: e32d536d

Time (s): cpu = 00:00:02 ; elapsed = 00:00:02 . Memory (MB): peak = 2074.559 ; gain = 0.000
Netlist sorting complete. Time (s): cpu = 00:00:00 ; elapsed = 00:00:00 . Memory (MB): peak = 2074.559 ; gain = 0.000
INFO: [Physopt 32-603] Post Physical Optimization Timing Summary | WNS=0.279 | TNS=0.000 |

Summary of Physical Synthesis Optimizations
============================================


-------------------------------------------------------------------------------------------------------------------------------------------------------------
|  Optimization   |  WNS Gain (ns)  |  TNS Gain (ns)  |  Added Cells  |  Removed Cells  |  Optimized Cells/Nets  |  Dont Touch  |  Iterations  |  Elapsed   |
-------------------------------------------------------------------------------------------------------------------------------------------------------------
|  DSP Register   |          0.000  |          0.000  |            0  |              0  |                     0  |           0  |           1  |  00:00:00  |
|  Critical Path  |          0.551  |          0.921  |            0  |              0  |                    14  |           0  |           2  |  00:00:01  |
|  Total          |          0.551  |          0.921  |            0  |              0  |                    14  |           0  |           3  |  00:00:01  |
-------------------------------------------------------------------------------------------------------------------------------------------------------------


Netlist sorting complete. Time (s): cpu = 00:00:00 ; elapsed = 00:00:00.001 . Memory (MB): peak = 2074.559 ; gain = 0.000
Ending Physical Synthesis Task | Checksum: 1407987e7

Time (s): cpu = 00:00:02 ; elapsed = 00:00:02 . Memory (MB): peak = 2074.559 ; gain = 0.000
INFO: [Common 17-83] Releasing license: Implementation
162 Infos, 0 Warnings, 2 Critical Warnings and 0 Errors encountered.
phys_opt_design completed successfully
INFO: [Timing 38-480] Writing timing data to binary archive.
Write ShapeDB Complete: Time (s): cpu = 00:00:00 ; elapsed = 00:00:00.003 . Memory (MB): peak = 2074.559 ; gain = 0.000
Wrote PlaceDB: Time (s): cpu = 00:00:00 ; elapsed = 00:00:00.079 . Memory (MB): peak = 2074.559 ; gain = 0.000
Wrote PulsedLatchDB: Time (s): cpu = 00:00:00 ; elapsed = 00:00:00 . Memory (MB): peak = 2074.559 ; gain = 0.000
Writing XDEF routing.
Writing XDEF routing logical nets.
Writing XDEF routing special nets.
Wrote RouteStorage: Time (s): cpu = 00:00:00 ; elapsed = 00:00:00.022 . Memory (MB): peak = 2074.559 ; gain = 0.000
Wrote Netlist Cache: Time (s): cpu = 00:00:00 ; elapsed = 00:00:00.002 . Memory (MB): peak = 2074.559 ; gain = 0.000
Wrote Device Cache: Time (s): cpu = 00:00:00 ; elapsed = 00:00:00.006 . Memory (MB): peak = 2074.559 ; gain = 0.000
Write Physdb Complete: Time (s): cpu = 00:00:00 ; elapsed = 00:00:00.115 . Memory (MB): peak = 2074.559 ; gain = 0.000
INFO: [Common 17-1381] The checkpoint 'E:/github/pruebas_ipd432/TAREA_2_UART/TAREA_2_UART.runs/impl_1/TOP_module_physopt.dcp' has been generated.
Command: route_design
Attempting to get a license for feature 'Implementation' and/or device 'xc7a100t'
INFO: [Common 17-349] Got license for feature 'Implementation' and/or device 'xc7a100t'
INFO: [DRC 23-27] Running DRC with 2 threads
INFO: [Vivado_Tcl 4-198] DRC finished with 0 Errors
INFO: [Vivado_Tcl 4-199] Please refer to the DRC report (report_drc) for more information.
Running DRC as a precondition to command route_design
INFO: [DRC 23-27] Running DRC with 2 threads
INFO: [Vivado_Tcl 4-198] DRC finished with 0 Errors
INFO: [Vivado_Tcl 4-199] Please refer to the DRC report (report_drc) for more information.


Starting Routing Task
INFO: [Route 35-254] Multithreading enabled for route_design using a maximum of 8 CPUs

Phase 1 Build RT Design
Checksum: PlaceDB: 5a34f362 ConstDB: 0 ShapeSum: 89f9f30 RouteDB: b1d25f96
Post Restoration Checksum: NetGraph: d2255ec7 | NumContArr: 3ce89797 | Constraints: c2a8fa9d | Timing: c2a8fa9d
Phase 1 Build RT Design | Checksum: 2945feb98

Time (s): cpu = 00:00:36 ; elapsed = 00:00:33 . Memory (MB): peak = 2138.719 ; gain = 64.160

Phase 2 Router Initialization

Phase 2.1 Fix Topology Constraints
Phase 2.1 Fix Topology Constraints | Checksum: 2945feb98

Time (s): cpu = 00:00:36 ; elapsed = 00:00:33 . Memory (MB): peak = 2138.719 ; gain = 64.160

Phase 2.2 Pre Route Cleanup
Phase 2.2 Pre Route Cleanup | Checksum: 2945feb98

Time (s): cpu = 00:00:36 ; elapsed = 00:00:33 . Memory (MB): peak = 2138.719 ; gain = 64.160
 Number of Nodes with overlaps = 0

Phase 2.3 Update Timing
Phase 2.3 Update Timing | Checksum: 1837c3fbd

Time (s): cpu = 00:00:37 ; elapsed = 00:00:34 . Memory (MB): peak = 2209.461 ; gain = 134.902
INFO: [Route 35-416] Intermediate Timing Summary | WNS=0.384  | TNS=0.000  | WHS=-0.418 | THS=-34.498|


Router Utilization Summary
  Global Vertical Routing Utilization    = 0.000130565 %
  Global Horizontal Routing Utilization  = 0 %
  Routable Net Status*
  *Does not include unroutable nets such as driverless and loadless.
  Run report_route_status for detailed report.
  Number of Failed Nets               = 904
    (Failed Nets is the sum of unrouted and partially routed nets)
  Number of Unrouted Nets             = 903
  Number of Partially Routed Nets     = 1
  Number of Node Overlaps             = 0

Phase 2 Router Initialization | Checksum: 2006808d5

Time (s): cpu = 00:00:38 ; elapsed = 00:00:34 . Memory (MB): peak = 2215.695 ; gain = 141.137

Phase 3 Global Routing
Phase 3 Global Routing | Checksum: 2006808d5

Time (s): cpu = 00:00:38 ; elapsed = 00:00:34 . Memory (MB): peak = 2215.695 ; gain = 141.137

Phase 4 Initial Routing

Phase 4.1 Initial Net Routing Pass
Phase 4.1 Initial Net Routing Pass | Checksum: 2d8b50875

Time (s): cpu = 00:00:38 ; elapsed = 00:00:34 . Memory (MB): peak = 2215.695 ; gain = 141.137
Phase 4 Initial Routing | Checksum: 2d8b50875

Time (s): cpu = 00:00:38 ; elapsed = 00:00:34 . Memory (MB): peak = 2215.695 ; gain = 141.137
INFO: [Route 35-580] Design has 1 pins with tight setup and hold constraints.

The top 5 pins with tight setup and hold constraints:

+======================+======================+=======================================+
| Launch Setup Clock   | Launch Hold Clock    | Pin                                   |
+======================+======================+=======================================+
| clk_out1_clk_wiz_0_1 | clk_out1_clk_wiz_0_1 | memory_unit/vector_calc/euc_reg[25]/D |
+----------------------+----------------------+---------------------------------------+

File with complete list of pins: tight_setup_hold_pins.txt


Phase 5 Rip-up And Reroute

Phase 5.1 Global Iteration 0
 Number of Nodes with overlaps = 197
 Number of Nodes with overlaps = 63
 Number of Nodes with overlaps = 32
 Number of Nodes with overlaps = 10
 Number of Nodes with overlaps = 7
 Number of Nodes with overlaps = 6
 Number of Nodes with overlaps = 0
INFO: [Route 35-416] Intermediate Timing Summary | WNS=-0.032 | TNS=-0.032 | WHS=N/A    | THS=N/A    |

Phase 5.1 Global Iteration 0 | Checksum: 2329f066b

Time (s): cpu = 00:00:40 ; elapsed = 00:00:36 . Memory (MB): peak = 2244.383 ; gain = 169.824

Phase 5.2 Global Iteration 1
 Number of Nodes with overlaps = 58
 Number of Nodes with overlaps = 29
 Number of Nodes with overlaps = 15
 Number of Nodes with overlaps = 4
 Number of Nodes with overlaps = 2
 Number of Nodes with overlaps = 1
 Number of Nodes with overlaps = 1
 Number of Nodes with overlaps = 0
INFO: [Route 35-416] Intermediate Timing Summary | WNS=-0.076 | TNS=-0.076 | WHS=N/A    | THS=N/A    |

Phase 5.2 Global Iteration 1 | Checksum: 370d4f962

Time (s): cpu = 00:00:41 ; elapsed = 00:00:36 . Memory (MB): peak = 2244.383 ; gain = 169.824
Phase 5 Rip-up And Reroute | Checksum: 370d4f962

Time (s): cpu = 00:00:41 ; elapsed = 00:00:36 . Memory (MB): peak = 2244.383 ; gain = 169.824

Phase 6 Delay and Skew Optimization

Phase 6.1 Delay CleanUp

Phase 6.1.1 Update Timing
Phase 6.1.1 Update Timing | Checksum: 36e50c24a

Time (s): cpu = 00:00:41 ; elapsed = 00:00:37 . Memory (MB): peak = 2244.383 ; gain = 169.824
INFO: [Route 35-416] Intermediate Timing Summary | WNS=0.047  | TNS=0.000  | WHS=N/A    | THS=N/A    |

Phase 6.1 Delay CleanUp | Checksum: 36e50c24a

Time (s): cpu = 00:00:41 ; elapsed = 00:00:37 . Memory (MB): peak = 2244.383 ; gain = 169.824

Phase 6.2 Clock Skew Optimization
Phase 6.2 Clock Skew Optimization | Checksum: 36e50c24a

Time (s): cpu = 00:00:41 ; elapsed = 00:00:37 . Memory (MB): peak = 2244.383 ; gain = 169.824
Phase 6 Delay and Skew Optimization | Checksum: 36e50c24a

Time (s): cpu = 00:00:41 ; elapsed = 00:00:37 . Memory (MB): peak = 2244.383 ; gain = 169.824

Phase 7 Post Hold Fix

Phase 7.1 Hold Fix Iter
INFO: [Route 35-416] Intermediate Timing Summary | WNS=0.047  | TNS=0.000  | WHS=0.079  | THS=0.000  |

Phase 7.1 Hold Fix Iter | Checksum: 2a264b33d

Time (s): cpu = 00:00:41 ; elapsed = 00:00:37 . Memory (MB): peak = 2244.383 ; gain = 169.824
Phase 7 Post Hold Fix | Checksum: 2a264b33d

Time (s): cpu = 00:00:41 ; elapsed = 00:00:37 . Memory (MB): peak = 2244.383 ; gain = 169.824

Phase 8 Route finalize

Router Utilization Summary
  Global Vertical Routing Utilization    = 0.118336 %
  Global Horizontal Routing Utilization  = 0.134058 %
  Routable Net Status*
  *Does not include unroutable nets such as driverless and loadless.
  Run report_route_status for detailed report.
  Number of Failed Nets               = 0
    (Failed Nets is the sum of unrouted and partially routed nets)
  Number of Unrouted Nets             = 0
  Number of Partially Routed Nets     = 0
  Number of Node Overlaps             = 0

Phase 8 Route finalize | Checksum: 2a264b33d

Time (s): cpu = 00:00:41 ; elapsed = 00:00:37 . Memory (MB): peak = 2244.383 ; gain = 169.824

Phase 9 Verifying routed nets

 Verification completed successfully
Phase 9 Verifying routed nets | Checksum: 2a264b33d

Time (s): cpu = 00:00:41 ; elapsed = 00:00:37 . Memory (MB): peak = 2244.383 ; gain = 169.824

Phase 10 Depositing Routes
Phase 10 Depositing Routes | Checksum: 21f6545d4

Time (s): cpu = 00:00:41 ; elapsed = 00:00:37 . Memory (MB): peak = 2244.383 ; gain = 169.824

Phase 11 Post Process Routing
Phase 11 Post Process Routing | Checksum: 21f6545d4

Time (s): cpu = 00:00:41 ; elapsed = 00:00:37 . Memory (MB): peak = 2244.383 ; gain = 169.824

Phase 12 Post Router Timing
INFO: [Route 35-57] Estimated Timing Summary | WNS=0.047  | TNS=0.000  | WHS=0.079  | THS=0.000  |

INFO: [Route 35-327] The final timing numbers are based on the router estimated timing analysis. For a complete and accurate timing signoff, please run report_timing_summary.
Phase 12 Post Router Timing | Checksum: 21f6545d4

Time (s): cpu = 00:00:41 ; elapsed = 00:00:37 . Memory (MB): peak = 2244.383 ; gain = 169.824
Total Elapsed time in route_design: 36.739 secs

Phase 13 Post-Route Event Processing
Phase 13 Post-Route Event Processing | Checksum: 152205a8f

Time (s): cpu = 00:00:41 ; elapsed = 00:00:37 . Memory (MB): peak = 2244.383 ; gain = 169.824
INFO: [Route 35-16] Router Completed Successfully
Ending Routing Task | Checksum: 152205a8f

Time (s): cpu = 00:00:41 ; elapsed = 00:00:37 . Memory (MB): peak = 2244.383 ; gain = 169.824

Routing Is Done.
INFO: [Common 17-83] Releasing license: Implementation
182 Infos, 0 Warnings, 2 Critical Warnings and 0 Errors encountered.
route_design completed successfully
route_design: Time (s): cpu = 00:00:44 ; elapsed = 00:00:39 . Memory (MB): peak = 2244.383 ; gain = 169.824
INFO: [Vivado 12-24828] Executing command : report_drc -file TOP_module_drc_routed.rpt -pb TOP_module_drc_routed.pb -rpx TOP_module_drc_routed.rpx
Command: report_drc -file TOP_module_drc_routed.rpt -pb TOP_module_drc_routed.pb -rpx TOP_module_drc_routed.rpx
INFO: [IP_Flow 19-1839] IP Catalog is up to date.
INFO: [DRC 23-27] Running DRC with 2 threads
INFO: [Vivado_Tcl 2-168] The results of DRC are in file E:/github/pruebas_ipd432/TAREA_2_UART/TAREA_2_UART.runs/impl_1/TOP_module_drc_routed.rpt.
report_drc completed successfully
INFO: [Vivado 12-24828] Executing command : report_methodology -file TOP_module_methodology_drc_routed.rpt -pb TOP_module_methodology_drc_routed.pb -rpx TOP_module_methodology_drc_routed.rpx
Command: report_methodology -file TOP_module_methodology_drc_routed.rpt -pb TOP_module_methodology_drc_routed.pb -rpx TOP_module_methodology_drc_routed.rpx
INFO: [Timing 38-35] Done setting XDC timing constraints.
INFO: [DRC 23-133] Running Methodology with 2 threads
INFO: [Vivado_Tcl 2-1520] The results of Report Methodology are in file E:/github/pruebas_ipd432/TAREA_2_UART/TAREA_2_UART.runs/impl_1/TOP_module_methodology_drc_routed.rpt.
report_methodology completed successfully
INFO: [Vivado 12-24828] Executing command : report_timing_summary -max_paths 10 -report_unconstrained -file TOP_module_timing_summary_routed.rpt -pb TOP_module_timing_summary_routed.pb -rpx TOP_module_timing_summary_routed.rpx -warn_on_violation 
INFO: [Timing 38-35] Done setting XDC timing constraints.
INFO: [Timing 38-91] UpdateTimingParams: Speed grade: -1, Delay Type: min_max.
INFO: [Timing 38-191] Multithreading enabled for timing update using a maximum of 2 CPUs
INFO: [Vivado 12-24838] Running report commands "report_incremental_reuse, report_route_status" in parallel.
Running report generation with 2 threads.
INFO: [Vivado 12-24828] Executing command : report_incremental_reuse -file TOP_module_incremental_reuse_routed.rpt
INFO: [Vivado_Tcl 4-1062] Incremental flow is disabled. No incremental reuse Info to report.
INFO: [Vivado 12-24828] Executing command : report_route_status -file TOP_module_route_status.rpt -pb TOP_module_route_status.pb
INFO: [Vivado 12-24828] Executing command : report_power -file TOP_module_power_routed.rpt -pb TOP_module_power_summary_routed.pb -rpx TOP_module_power_routed.rpx
Command: report_power -file TOP_module_power_routed.rpt -pb TOP_module_power_summary_routed.pb -rpx TOP_module_power_routed.rpx
Running Vector-less Activity Propagation...

Finished Running Vector-less Activity Propagation
199 Infos, 0 Warnings, 2 Critical Warnings and 0 Errors encountered.
report_power completed successfully
INFO: [Vivado 12-24828] Executing command : report_clock_utilization -file TOP_module_clock_utilization_routed.rpt
WARNING: [Device 21-9320] Failed to find the Oracle tile group with name 'HSR_BOUNDARY_TOP'. This is required for Clock regions and Virtual grid.
WARNING: [Device 21-2174] Failed to initialize Virtual grid.
INFO: [Vivado 12-24828] Executing command : report_bus_skew -warn_on_violation -file TOP_module_bus_skew_routed.rpt -pb TOP_module_bus_skew_routed.pb -rpx TOP_module_bus_skew_routed.rpx
INFO: [Timing 38-91] UpdateTimingParams: Speed grade: -1, Delay Type: min_max.
INFO: [Timing 38-191] Multithreading enabled for timing update using a maximum of 2 CPUs
INFO: [Timing 38-480] Writing timing data to binary archive.
Write ShapeDB Complete: Time (s): cpu = 00:00:00 ; elapsed = 00:00:00.003 . Memory (MB): peak = 2244.383 ; gain = 0.000
Wrote PlaceDB: Time (s): cpu = 00:00:00 ; elapsed = 00:00:00.092 . Memory (MB): peak = 2244.383 ; gain = 0.000
Wrote PulsedLatchDB: Time (s): cpu = 00:00:00 ; elapsed = 00:00:00.001 . Memory (MB): peak = 2244.383 ; gain = 0.000
Writing XDEF routing.
Writing XDEF routing logical nets.
Writing XDEF routing special nets.
Wrote RouteStorage: Time (s): cpu = 00:00:00 ; elapsed = 00:00:00.034 . Memory (MB): peak = 2244.383 ; gain = 0.000
Wrote Netlist Cache: Time (s): cpu = 00:00:00 ; elapsed = 00:00:00.002 . Memory (MB): peak = 2244.383 ; gain = 0.000
Wrote Device Cache: Time (s): cpu = 00:00:00 ; elapsed = 00:00:00.006 . Memory (MB): peak = 2244.383 ; gain = 0.000
Write Physdb Complete: Time (s): cpu = 00:00:00 ; elapsed = 00:00:00.141 . Memory (MB): peak = 2244.383 ; gain = 0.000
INFO: [Common 17-1381] The checkpoint 'E:/github/pruebas_ipd432/TAREA_2_UART/TAREA_2_UART.runs/impl_1/TOP_module_routed.dcp' has been generated.
INFO: [Common 17-206] Exiting Vivado at Mon Oct 21 20:32:46 2024...
