Copyright 1986-2022 Xilinx, Inc. All Rights Reserved. Copyright 2022-2024 Advanced Micro Devices, Inc. All Rights Reserved.
---------------------------------------------------------------------------------------------------------------------------------------------
| Tool Version : Vivado v.2024.1 (win64) Build 5076996 Wed May 22 18:37:14 MDT 2024
| Date         : Sun Oct 20 17:22:53 2024
| Host         : DESKTOP-MK895J2 running 64-bit major release  (build 9200)
| Command      : report_control_sets -verbose -file TOP_module_control_sets_placed.rpt
| Design       : TOP_module
| Device       : xc7a100t
---------------------------------------------------------------------------------------------------------------------------------------------

Control Set Information

Table of Contents
-----------------
1. Summary
2. Histogram
3. Flip-Flop Distribution
4. Detailed Control Set Information

1. Summary
----------

+----------------------------------------------------------+-------+
|                          Status                          | Count |
+----------------------------------------------------------+-------+
| Total control sets                                       |    24 |
|    Minimum number of control sets                        |    24 |
|    Addition due to synthesis replication                 |     0 |
|    Addition due to physical synthesis replication        |     0 |
| Unused register locations in slices containing registers |    78 |
+----------------------------------------------------------+-------+
* Control sets can be merged at opt_design using control_set_merge or merge_equivalent_drivers
** Run report_qor_suggestions for automated merging and remapping suggestions


2. Histogram
------------

+--------------------+-------+
|       Fanout       | Count |
+--------------------+-------+
| Total control sets |    24 |
| >= 0 to < 4        |     1 |
| >= 4 to < 6        |     8 |
| >= 6 to < 8        |     1 |
| >= 8 to < 10       |     3 |
| >= 10 to < 12      |     4 |
| >= 12 to < 14      |     0 |
| >= 14 to < 16      |     0 |
| >= 16              |     7 |
+--------------------+-------+
* Control sets can be remapped at either synth_design or opt_design


3. Flip-Flop Distribution
-------------------------

+--------------+-----------------------+------------------------+-----------------+--------------+
| Clock Enable | Synchronous Set/Reset | Asynchronous Set/Reset | Total Registers | Total Slices |
+--------------+-----------------------+------------------------+-----------------+--------------+
| No           | No                    | No                     |              67 |           22 |
| No           | No                    | Yes                    |              17 |            7 |
| No           | Yes                   | No                     |              66 |           21 |
| Yes          | No                    | No                     |              11 |            2 |
| Yes          | No                    | Yes                    |              33 |            8 |
| Yes          | Yes                   | No                     |             192 |           53 |
+--------------+-----------------------+------------------------+-----------------+--------------+


4. Detailed Control Set Information
-----------------------------------

+-------------------------------------------+----------------------------------------------------------+---------------------------------------------------------------------------+------------------+----------------+--------------+
|                Clock Signal               |                       Enable Signal                      |                              Set/Reset Signal                             | Slice Load Count | Bel Load Count | Bels / Slice |
+-------------------------------------------+----------------------------------------------------------+---------------------------------------------------------------------------+------------------+----------------+--------------+
|  memory_unit/num2display/divisor_freq/CLK |                                                          | memory_unit/num2display/nolabel_line42/SR[0]                              |                2 |              3 |         1.50 |
|  clk100MHZ/inst/clk_out1                  | memory_unit/num2display/nolabel_line42/shift[23]_i_1_n_0 | memory_unit/num2display/nolabel_line42/SR[0]                              |                1 |              4 |         4.00 |
|  clk100MHZ/inst/clk_out1                  | memory_unit/num2display/nolabel_line42/shift[27]_i_1_n_0 | memory_unit/num2display/nolabel_line42/SR[0]                              |                1 |              4 |         4.00 |
|  clk100MHZ/inst/clk_out1                  | memory_unit/num2display/nolabel_line42/shift[3]_i_1_n_0  | memory_unit/num2display/nolabel_line42/SR[0]                              |                1 |              4 |         4.00 |
|  clk100MHZ/inst/clk_out1                  | memory_unit/num2display/nolabel_line42/shift[15]_i_1_n_0 | memory_unit/num2display/nolabel_line42/SR[0]                              |                1 |              4 |         4.00 |
|  clk100MHZ/inst/clk_out1                  | memory_unit/num2display/nolabel_line42/shift[19]_i_1_n_0 | memory_unit/num2display/nolabel_line42/SR[0]                              |                1 |              4 |         4.00 |
|  clk100MHZ/inst/clk_out1                  | memory_unit/num2display/nolabel_line42/shift[11]_i_1_n_0 | memory_unit/num2display/nolabel_line42/SR[0]                              |                1 |              4 |         4.00 |
|  clk100MHZ/inst/clk_out1                  | memory_unit/num2display/nolabel_line42/shift[31]_i_1_n_0 | memory_unit/num2display/nolabel_line42/SR[0]                              |                1 |              4 |         4.00 |
|  clk100MHZ/inst/clk_out1                  | memory_unit/num2display/nolabel_line42/shift[7]_i_1_n_0  | memory_unit/num2display/nolabel_line42/SR[0]                              |                1 |              4 |         4.00 |
|  clk100MHZ/inst/clk_out1                  | memory_unit/num2display/nolabel_line42/counter_next      | memory_unit/num2display/nolabel_line42/SR[0]                              |                2 |              6 |         3.00 |
|  clk100MHZ/inst/clk_out1                  | main_FSM/E[0]                                            | memory_unit/num2display/nolabel_line42/SR[0]                              |                3 |              8 |         2.67 |
|  clk100MHZ/inst/clk_out1                  | main_FSM/FSM_onehot_CurrentState_reg[3]_0[0]             | memory_unit/num2display/nolabel_line42/SR[0]                              |                1 |              8 |         8.00 |
|  clk100MHZ/inst/clk_out1                  | uart_basic_inst/uart_rx_blk/rx_data[7]_i_1_n_0           | memory_unit/num2display/nolabel_line42/SR[0]                              |                2 |              8 |         4.00 |
|  clk100MHZ/inst/clk_out1                  | main_FSM/Q[4]                                            | memory_unit/vector_calc/distancia_FSM/FSM_onehot_CurrentState_reg[1]_0[0] |                3 |             11 |         3.67 |
|  clk100MHZ/inst/clk_out1                  | uart_basic_inst/uart_tx_blk/SR[0]                        | main_FSM/AR[0]                                                            |                3 |             11 |         3.67 |
|  clk100MHZ/inst/clk_out1                  | uart_basic_inst/rx_ready                                 |                                                                           |                2 |             11 |         5.50 |
|  clk100MHZ/inst/clk_out1                  | uart_basic_inst/rx_ready                                 | main_FSM/FSM_onehot_CurrentState_reg[1]_0[0]                              |                2 |             11 |         5.50 |
|  clk100MHZ/inst/clk_out1                  |                                                          | uart_basic_inst/uart_tx_blk/SR[0]                                         |                6 |             19 |         3.17 |
|  clk100MHZ/inst/clk_out1                  | memory_unit/vector_calc/SQRT/base[15]_i_2_n_0            | memory_unit/vector_calc/SQRT/i                                            |                6 |             22 |         3.67 |
|  clk100MHZ/inst/clk_out1                  | memory_unit/num2display/nolabel_line42/bcd_next          | memory_unit/num2display/nolabel_line42/SR[0]                              |                8 |             32 |         4.00 |
|  clk100MHZ/inst/clk_out1                  | memory_unit/vector_calc/SQRT/y_next                      | memory_unit/num2display/nolabel_line42/SR[0]                              |               11 |             32 |         2.91 |
|  clk100MHZ/inst/clk_out1                  | main_FSM/FSM_onehot_CurrentState_reg[7]_0[0]             | main_FSM/SR[0]                                                            |               12 |             44 |         3.67 |
|  clk100MHZ/inst/clk_out1                  |                                                          | memory_unit/num2display/nolabel_line42/SR[0]                              |               20 |             61 |         3.05 |
|  clk100MHZ/inst/clk_out1                  |                                                          |                                                                           |               22 |             67 |         3.05 |
+-------------------------------------------+----------------------------------------------------------+---------------------------------------------------------------------------+------------------+----------------+--------------+


