#-----------------------------------------------------------
# Vivado v2024.1 (64-bit)
# SW Build 5076996 on Wed May 22 18:37:14 MDT 2024
# IP Build 5075265 on Wed May 22 21:45:21 MDT 2024
# SharedData Build 5076995 on Wed May 22 18:29:18 MDT 2024
# Start of session at: Mon Sep 30 23:25:04 2024
# Process ID: 23488
# Current directory: E:/github/pruebas_ipd432/clase_26_9/clase_26_9.runs/impl_1
# Command line: vivado.exe -log ejemplo.vdi -applog -product Vivado -messageDb vivado.pb -mode batch -source ejemplo.tcl -notrace
# Log file: E:/github/pruebas_ipd432/clase_26_9/clase_26_9.runs/impl_1/ejemplo.vdi
# Journal file: E:/github/pruebas_ipd432/clase_26_9/clase_26_9.runs/impl_1\vivado.jou
# Running On        :DESKTOP-MK895J2
# Platform          :Windows Server 2016 or Windows 10
# Operating System  :19045
# Processor Detail  :Intel(R) Core(TM) i3-9100F CPU @ 3.60GHz
# CPU Frequency     :3600 MHz
# CPU Physical cores:4
# CPU Logical cores :4
# Host memory       :17092 MB
# Swap memory       :14910 MB
# Total Virtual     :32002 MB
# Available Virtual :5996 MB
#-----------------------------------------------------------
source ejemplo.tcl -notrace
