#-----------------------------------------------------------
# Vivado v2024.1 (64-bit)
# SW Build 5076996 on Wed May 22 18:37:14 MDT 2024
# IP Build 5075265 on Wed May 22 21:45:21 MDT 2024
# SharedData Build 5076995 on Wed May 22 18:29:18 MDT 2024
# Start of session at: Thu Sep  5 12:02:26 2024
# Process ID: 24592
# Current directory: C:/Users/danie/Documents/GitHub/pruebas_ipd432/clase_5_9/clase_5_9.runs/synth_1
# Command line: vivado.exe -log ejemplo.vds -product Vivado -mode batch -messageDb vivado.pb -notrace -source ejemplo.tcl
# Log file: C:/Users/danie/Documents/GitHub/pruebas_ipd432/clase_5_9/clase_5_9.runs/synth_1/ejemplo.vds
# Journal file: C:/Users/danie/Documents/GitHub/pruebas_ipd432/clase_5_9/clase_5_9.runs/synth_1\vivado.jou
# Running On        :PC-Daniel
# Platform          :Windows Server 2016 or Windows 10
# Operating System  :22631
# Processor Detail  :11th Gen Intel(R) Core(TM) i5-1135G7 @ 2.40GHz
# CPU Frequency     :2419 MHz
# CPU Physical cores:4
# CPU Logical cores :8
# Host memory       :16856 MB
# Swap memory       :18253 MB
# Total Virtual     :35110 MB
# Available Virtual :13629 MB
#-----------------------------------------------------------
source ejemplo.tcl -notrace
